koyamayuuta@furuyamayuutanoMacBook-Air ~ % cd
koyamayuuta@furuyamayuutanoMacBook-Air ~ % mkdir git_challenge
koyamayuuta@furuyamayuutanoMacBook-Air ~ % cd git_challenge
koyamayuuta@furuyamayuutanoMacBook-Air git_challenge % git init
hint: Using 'master' as the name for the initial branch. This default branch name
hint: is subject to change. To configure the initial branch name to use in all
hint: of your new repositories, which will suppress this warning, call:
hint: 
hint:   git config --global init.defaultBranch <name>
hint: 
hint: Names commonly chosen instead of 'master' are 'main', 'trunk' and
hint: 'development'. The just-created branch can be renamed via this command:
hint: 
hint:   git branch -m <name>
Initialized empty Git repository in /Users/koyamayuuta/git_challenge/.git/
koyamayuuta@furuyamayuutanoMacBook-Air git_challenge % git add hello_world.txt
koyamayuuta@furuyamayuutanoMacBook-Air git_challenge % git commit -m"
最初のコミット”
dquote> ”
dquote> "　　　# 「"」を実行
dquote> ｀
dquote> ”
dquote> "
error: pathspec '「」を実行
｀
”
' did not match any file(s) known to git
koyamayuuta@furuyamayuutanoMacBook-Air git_challenge % git commit -m”
最初のコミット”
[master (root-commit) 8bf0f39] ”最初のコミット”
 Committer: 古山裕太 <koyamayuuta@furuyamayuutanoMacBook-Air.local>
Your name and email address were configured automatically based
on your username and hostname. Please check that they are accurate.
You can suppress this message by setting them explicitly. Run the
following command and follow the instructions in your editor to edit
your configuration file:

    git config --global --edit

After doing this, you may fix the identity used for this commit with:

    git commit --amend --reset-author

 1 file changed, 1 insertion(+)
 create mode 100644 hello_world.txt
koyamayuuta@furuyamayuutanoMacBook-Air git_challenge % git status
On branch master
Untracked files:
  (use "git add <file>..." to include in what will be committed)
        .DS_Store

nothing added to commit but untracked files present (use "git add" to track)
koyamayuuta@furuyamayuutanoMacBook-Air git_challenge % git add hello_world.txt
koyamayuuta@furuyamayuutanoMacBook-Air git_challenge % git commit -m”
日本語訳を追記”
[master 0041455] ”日本語訳を追記”
 Committer: 古山裕太 <koyamayuuta@furuyamayuutanoMacBook-Air.local>
Your name and email address were configured automatically based
on your username and hostname. Please check that they are accurate.
You can suppress this message by setting them explicitly. Run the
following command and follow the instructions in your editor to edit
your configuration file:

    git config --global --edit

After doing this, you may fix the identity used for this commit with:

    git commit --amend --reset-author

 1 file changed, 1 insertion(+)
koyamayuuta@furuyamayuutanoMacBook-Air git_challenge % git status
On branch master
Untracked files:
  (use "git add <file>..." to include in what will be committed)
        .DS_Store

nothing added to commit but untracked files present (use "git add" to track)
koyamayuuta@furuyamayuutanoMacBook-Air git_challenge % git log
commit 0041455224e13e6884ba1f1763ff6da058522098 (HEAD -> master)
Author: 古山裕太 <koyamayuuta@furuyamayuutanoMacBook-Air.local>
Date:   Fri Sep 1 21:55:44 2023 +0900

    ”日本語訳を追記”

commit 8bf0f39c678202f9e402c355e182fc1079f5d465
Author: 古山裕太 <koyamayuuta@furuyamayuutanoMacBook-Air.local>
Date:   Fri Sep 1 21:50:30 2023 +0900

    ”最初のコミット”
koyamayuuta@furuyamayuutanoMacBook-Air git_challenge % git log --oneline

0041455 (HEAD -> master) ”日本語訳を追記”
8bf0f39 ”最初のコミット”
koyamayuuta@furuyamayuutanoMacBook-Air git_challenge % git add hello_world.txt
koyamayuuta@furuyamayuutanoMacBook-Air git_challenge % git commit -m"
hello_world.txtを追加”
dquote> "
[master 7d427a8] hello_world.txtを追加”
 Committer: 古山裕太 <koyamayuuta@furuyamayuutanoMacBook-Air.local>
Your name and email address were configured automatically based
on your username and hostname. Please check that they are accurate.
You can suppress this message by setting them explicitly. Run the
following command and follow the instructions in your editor to edit
your configuration file:

    git config --global --edit

After doing this, you may fix the identity used for this commit with:

    git commit --amend --reset-author

 1 file changed, 1 deletion(-)
koyamayuuta@furuyamayuutanoMacBook-Air git_challenge % git add hello_world.txt
koyamayuuta@furuyamayuutanoMacBook-Air git_challenge % git commit -m”
日本語訳を追加”                                                 
[master 9c6e6e6] ”日本語訳を追加”
 Committer: 古山裕太 <koyamayuuta@furuyamayuutanoMacBook-Air.local>
Your name and email address were configured automatically based
on your username and hostname. Please check that they are accurate.
You can suppress this message by setting them explicitly. Run the
following command and follow the instructions in your editor to edit
your configuration file:

    git config --global --edit

After doing this, you may fix the identity used for this commit with:

    git commit --amend --reset-author

 1 file changed, 2 insertions(+), 1 deletion(-)
koyamayuuta@furuyamayuutanoMacBook-Air git_challenge % git log --oneline
9c6e6e6 (HEAD -> master) ”日本語訳を追加”
7d427a8 hello_world.txtを追加”
0041455 ”日本語訳を追記”
8bf0f39 ”最初のコミット”
koyamayuuta@furuyamayuutanoMacBook-Air git_challenge % 